▲ Next.js 16.3.0 (Turbopack)
- Local:         http://localhost:3456
- Network:       http://192.168.1.8:3456
- Environments: .env.local, .env
✓ Ready in 486ms
✓ Running next.config.ts took 37ms

▲ Next.js 16.3.0 (Turbopack)
- Local:         http://localhost:3456
- Network:       http://192.168.1.8:3456
- Environments: .env.local, .env
✓ Ready in 796ms
✓ Running next.config.ts took 48ms

▲ Next.js 16.3.0 (Turbopack)
- Local:         http://localhost:3456
- Network:       http://192.168.1.8:3456
- Environments: .env.local, .env
✓ Ready in 857ms
✓ Running next.config.ts took 60ms

▲ Next.js 16.3.0 (Turbopack)
- Local:         http://localhost:3456
- Network:       http://192.168.1.8:3456
- Environments: .env.local, .env
✓ Ready in 765ms
✓ Running next.config.ts took 44ms

▲ Next.js 16.3.0 (Turbopack)
- Local:         http://localhost:3456
- Network:       http://192.168.1.8:3456
- Environments: .env.local, .env
✓ Ready in 683ms
✓ Running next.config.ts took 41ms

▲ Next.js 16.3.0 (Turbopack)
- Local:         http://localhost:3456
- Network:       http://192.168.1.8:3456
- Environments: .env.local, .env
✓ Ready in 679ms
✓ Running next.config.ts took 48ms

▲ Next.js 16.3.0 (Turbopack)
- Local:         http://localhost:3456
- Network:       http://192.168.1.8:3456
- Environments: .env.local, .env
✓ Ready in 1116ms
✓ Running next.config.ts took 93ms

▲ Next.js 16.3.0 (Turbopack)
- Local:         http://localhost:3456
- Network:       http://192.168.1.8:3456
- Environments: .env.local, .env
✓ Ready in 799ms
✓ Running next.config.ts took 46ms

▲ Next.js 16.3.0 (Turbopack)
- Local:         http://localhost:3456
- Network:       http://192.168.1.8:3456
- Environments: .env.local, .env
✓ Ready in 1298ms
✓ Running next.config.ts took 193ms

